To load "croatoan":
  Load 1 ASDF system:
    croatoan
; Loading "croatoan"
................